Testing send_settings_otp.php
============================
Session: user_id = 2
POST: action = password

C:\xampp\php\php.exe : PHP Notice:  session_start(): Ignoring session_start() because a session is already 
active in C:\xampp\htdocs\wannabees-v1-main\api\auth\send_settings_otp.php on line 3
At line:1 char:1
+ C:\xampp\php\php.exe "c:\xampp\htdocs\wannabees-v1-main\test_send_otp ...
+ ~~~~~~~~~~~~~~~~~~~~~~~~~~~~~~~~~~~~~~~~~~~~~~~~~~~~~~~~~~~~~~~~~~~~~
    + CategoryInfo          : NotSpecified: (PHP Notice:  se...p.php on line 3:String) [], RemoteException
    + FullyQualifiedErrorId : NativeCommandError
 
PHP Warning:  Cannot modify header information - headers already sent by (output started at 
C:\xampp\htdocs\wannabees-v1-main\test_send_otp_api.php:15) in 
C:\xampp\htdocs\wannabees-v1-main\api\auth\send_settings_otp.php on line 6
API Response:

Notice: session_start(): Ignoring session_start() because a session is already active in C:\xampp\htdocs\wannabees-v1-main\api\auth\send_settings_otp.php on line 3

Warning: Cannot modify header information - headers already sent by (output started at C:\xampp\htdocs\wannabees-v1-main\test_send_otp_api.php:15) in C:\xampp\htdocs\wannabees-v1-main\api\auth\send_settings_otp.php on line 6
{"success":true,"message":"OTP sent to jazdylabajan@gmail.com","otp_expiry":600,"_dev_note":"Mail server not configured. Check otp_emails.log for code."}
